[backblue.gif]
[fade.gif]
[index.html]
[localhost/wordpress/indexa6da.html]
[localhost/wordpress/indexd784.html]
[localhost/wordpress/wp-includes/js/jquery/jqueryb8ff.js]
[localhost/wordpress/wp-includes/js/jquery/jquery-migrate.min330a.js]
[localhost/wordpress/index52f0.json]
[localhost/wordpress/xmlrpc0db0.php]
[localhost/wordpress/wp-includes/wlwmanifest.xml]
[localhost/wordpress/indexd51e.json]
[localhost/wordpress/index9b61.php]
[localhost/wordpress/index8b30.json]
[localhost/wordpress/wp-content/themes/twentyseventeen/assets/js/skip-link-focus-fix5152.js]
[localhost/wordpress/wp-content/themes/twentyseventeen/assets/js/navigation5152.js]
[localhost/wordpress/wp-content/themes/twentyseventeen/assets/js/global5152.js]
[localhost/wordpress/wp-content/themes/twentyseventeen/assets/js/jquery.scrollTo431f.js]
[localhost/wordpress/wp-content/plugins/shiftnav-responsive-mobile-menu/assets/js/shiftnav.min905d.js]
[localhost/wordpress/wp-includes/js/wp-embed.min5010.js]
[localhost/wordpress/index.html]
[localhost/wordpress/wp-content/themes/twentyseventeen/style5010.css]
[localhost/wordpress/wp-content/plugins/shiftnav-responsive-mobile-menu/assets/css/shiftnav.min905d.css]
[localhost/wordpress/wp-content/plugins/shiftnav-responsive-mobile-menu/assets/css/fontawesome/fonts/fontawesome-webfont3e6e.eot]
[localhost/wordpress/wp-content/plugins/shiftnav-responsive-mobile-menu/assets/css/fontawesome/fonts/fontawesome-webfontd41d.eot]
[localhost/wordpress/wp-content/plugins/shiftnav-responsive-mobile-menu/assets/css/fontawesome/fonts/fontawesome-webfont3e6e.woff]
[localhost/wordpress/wp-content/plugins/shiftnav-responsive-mobile-menu/assets/css/fontawesome/fonts/fontawesome-webfont3e6e.ttf]
[localhost/wordpress/wp-content/plugins/shiftnav-responsive-mobile-menu/assets/css/fontawesome/css/font-awesome.min905d.css]
[localhost/wordpress/wp-content/plugins/shiftnav-responsive-mobile-menu/assets/css/skins/standard-dark905d.css]
[localhost/wordpress/wp-content/plugins/shiftnav-responsive-mobile-menu/assets/css/fontawesome/fonts/fontawesome-webfont3e6e.html]
[localhost/wordpress/wp-content/plugins/shiftnav-responsive-mobile-menu/assets/css/fontawesome/fonts/fontawesome-webfont3e6e.svg]
