[backblue.gif]
[fade.gif]
[index.html]
[localhost/wordpress/wp-includes/js/jquery/jqueryb8ff.js]
[localhost/wordpress/indexa6da.html]
[localhost/wordpress/indexd784.html]
[localhost/wordpress/wp-includes/js/jquery/jquery-migrate.min330a.js]
[localhost/wordpress/index52f0.json]
[localhost/wordpress/xmlrpc0db0.php]
[localhost/wordpress/wp-includes/wlwmanifest.xml]
[localhost/wordpress/indexd51e.json]
[localhost/wordpress/index9b61.php]
[localhost/wordpress/index8b30.json]
[localhost/wordpress/wp-content/uploads/2018/08/logo_ignite-300x292.png]
[localhost/wordpress/wp-content/themes/twentyseventeen/assets/js/skip-link-focus-fix5152.js]
[localhost/wordpress/wp-content/themes/twentyseventeen/assets/js/global5152.js]
[localhost/wordpress/wp-content/themes/twentyseventeen/assets/js/jquery.scrollTo431f.js]
[localhost/wordpress/wp-includes/js/wp-embed.min5010.js]
[localhost/wordpress/index.html]
[localhost/wordpress/wp-content/themes/twentyseventeen/style5010.css]
[localhost/wordpress/wp-content/plugins/the-events-calendar/vendor/bootstrap-datepicker/js/bootstrap-datepicker.minab66.js]
[localhost/wordpress/wp-content/plugins/the-events-calendar/vendor/jquery-resize/jquery.ba-resize.minab66.js]
[localhost/wordpress/wp-content/plugins/the-events-calendar/vendor/jquery-placeholder/jquery.placeholder.minab66.js]
[localhost/wordpress/wp-content/plugins/the-events-calendar/src/resources/js/tribe-events.minab66.js]
[localhost/wordpress/wp-content/plugins/the-events-calendar/vendor/php-date-formatter/js/php-date-formatter.minab66.js]
[localhost/wordpress/wp-content/plugins/the-events-calendar/common/vendor/momentjs/moment.min6434.js]
[localhost/wordpress/wp-content/plugins/the-events-calendar/src/resources/js/events-dynamic.minab66.js]
[localhost/wordpress/wp-content/plugins/the-events-calendar/src/resources/js/tribe-events-bar.minab66.js]
[localhost/wordpress/wp-content/plugins/the-events-calendar/src/resources/images/tribe-loading.gif]
[localhost/wordpress/wp-content/plugins/the-events-calendar/src/resources/js/tribe-events-ajax-list.minab66.js]
[localhost/wordpress/indexbb7f.html]
[localhost/wordpress/wp-content/plugins/the-events-calendar/vendor/jquery/smoothness/images/ui-bg_flat_75_ffffff_40x100.png]
[localhost/wordpress/wp-content/plugins/the-events-calendar/vendor/jquery/smoothness/images/ui-bg_highlight-soft_75_cccccc_1x100.png]
[localhost/wordpress/wp-content/plugins/the-events-calendar/vendor/jquery/smoothness/images/ui-bg_glass_75_e6e6e6_1x400.png]
[localhost/wordpress/wp-content/plugins/the-events-calendar/vendor/jquery/smoothness/images/ui-bg_glass_75_dadada_1x400.png]
[localhost/wordpress/wp-content/plugins/the-events-calendar/vendor/jquery/smoothness/images/ui-bg_glass_65_ffffff_1x400.png]
[localhost/wordpress/wp-content/plugins/the-events-calendar/vendor/jquery/smoothness/images/ui-bg_glass_55_fbf9ee_1x400.png]
[localhost/wordpress/wp-content/plugins/the-events-calendar/vendor/jquery/smoothness/images/ui-bg_glass_95_fef1ec_1x400.png]
[localhost/wordpress/wp-content/plugins/the-events-calendar/vendor/jquery/smoothness/images/ui-icons_222222_256x240.png]
[localhost/wordpress/wp-content/plugins/the-events-calendar/vendor/jquery/smoothness/images/ui-icons_888888_256x240.png]
[localhost/wordpress/wp-content/plugins/the-events-calendar/vendor/jquery/smoothness/images/ui-icons_454545_256x240.png]
[localhost/wordpress/wp-content/plugins/the-events-calendar/vendor/jquery/smoothness/images/ui-icons_2e83ff_256x240.png]
[localhost/wordpress/wp-content/plugins/the-events-calendar/vendor/jquery/smoothness/images/ui-icons_cd0a0a_256x240.png]
[localhost/wordpress/wp-content/plugins/the-events-calendar/vendor/jquery/smoothness/images/ui-bg_flat_0_aaaaaa_40x100.png]
[localhost/wordpress/wp-content/plugins/the-events-calendar/vendor/jquery/smoothness/jquery-ui-1.8.23.customab66.css]
[localhost/wordpress/wp-content/plugins/the-events-calendar/vendor/bootstrap-datepicker/css/bootstrap-datepicker.standalone.minab66.css]
[localhost/wordpress/wp-content/plugins/the-events-calendar/src/resources/images/tribe-tooltips.png]
[localhost/wordpress/wp-content/plugins/the-events-calendar/src/resources/images/events-bar/icon-month.png]
[localhost/wordpress/wp-content/plugins/the-events-calendar/src/resources/images/events-bar/icon-list.png]
[localhost/wordpress/wp-content/plugins/the-events-calendar/src/resources/images/events-bar/icon-week.png]
[localhost/wordpress/wp-content/plugins/the-events-calendar/src/resources/images/events-bar/icon-day.png]
[localhost/wordpress/wp-content/plugins/the-events-calendar/src/resources/images/events-bar/icon-photo.png]
[localhost/wordpress/wp-content/plugins/the-events-calendar/src/resources/images/events-bar/icon-map.png]
[localhost/wordpress/wp-content/plugins/the-events-calendar/src/resources/images/tribe-tooltips@2x.png]
[localhost/wordpress/wp-content/plugins/the-events-calendar/src/resources/images/events-bar/icon-search@2x.png]
[localhost/wordpress/wp-content/plugins/the-events-calendar/src/resources/images/events-bar/icon-gear@2x.png]
[localhost/wordpress/wp-content/plugins/the-events-calendar/common/vendor/tribe-select2/select2x2.png]
[localhost/wordpress/wp-content/plugins/the-events-calendar/src/resources/images/events-bar/icon-month@2x.png]
[localhost/wordpress/wp-content/plugins/the-events-calendar/src/resources/images/events-bar/icon-list@2x.png]
[localhost/wordpress/wp-content/plugins/the-events-calendar/src/resources/images/events-bar/icon-week@2x.png]
[localhost/wordpress/wp-content/plugins/the-events-calendar/src/resources/images/events-bar/icon-day@2x.png]
[localhost/wordpress/wp-content/plugins/the-events-calendar/src/resources/images/events-bar/icon-photo@2x.png]
[localhost/wordpress/wp-content/plugins/the-events-calendar/src/resources/images/events-bar/icon-map@2x.png]
[localhost/wordpress/wp-content/plugins/the-events-calendar/src/resources/css/tribe-events-full.minab66.css]
[localhost/wordpress/wp-content/plugins/the-events-calendar/common/src/resources/css/accessibility.min6434.css]
[localhost/wordpress/wp-content/plugins/the-events-calendar/src/resources/css/tribe-events-theme-mobile.minab66.css]
[localhost/wordpress/index8c4b.json]
[localhost/wordpress/indexf6cb.php]
[localhost/wordpress/indexc374.json]
[localhost/wordpress/wp-includes/js/comment-reply.min5010.js]
[localhost/wordpress/index3580.html]
[localhost/wordpress/indexa0dc.html]
[localhost/wordpress/index5eda.html]
[localhost/wordpress/index7a7a.html]
[localhost/wordpress/indexe387.html]
